#------------------------------------------------------------------------------
# Target Output ELF name (User defined)
#------------------------------------------------------------------------------
BINARY = Mole# 

#------------------------------------------------------------------------------
# 	Source File List (User defined)
#------------------------------------------------------------------------------
SRC_FILES = CletModule.c\
		Draw.c#



#------------------------------------------------------------------------------
# 	Source File Directory Path (User defined)
#------------------------------------------------------------------------------
SRC_PATH = .#
		   
		    

#------------------------------------------------------------------------------
#   User Compile Option
#------------------------------------------------------------------------------
#USER_CFLAGS = -DAPP_DEBUG#
USER_CFLAGS = #
USER_SFLAGS = #

#------------------------------------------------------------------------------
#	Include Extended Header Path
#	default header PATH 
#	INCS = -I../../include -I../../include/API -I../../include/HAL
#------------------------------------------------------------------------------
#USER_INCS = -I"$(SRC_DIR)/include"#
USER_INCS = #

#------------------------------------------------------------------------------
#	Library Extended Header Path
#------------------------------------------------------------------------------
#USER_LIBS = $(SRC_DIR)/libtest.a#
USER_LIBS = #

#------------------------------------------------------------------------------
#       Select Thumb or ARM Compiler, 
#------------------------------------------------------------------------------
#CC = tcc#   
#CC = armcc#
CC = tcc#